Archive member included because of file (symbol)

C:\CSR_uEnergy_SDK-2.4.5.13\tools\lib\CSR101x_A05\libgatt_lib_ram.a(gatt_ram.o)
                              depend_Debug_CSR101x_A05\gatt_client.o (GattInit)
C:\CSR_uEnergy_SDK-2.4.5.13\tools\lib\CSR101x_A05\libgatt_lib_ram.a(gatt_client_disc_prim_serv_uuid.o)
                              depend_Debug_CSR101x_A05\gatt_access.o (GattDiscoverPrimaryServiceByUuid)
C:\CSR_uEnergy_SDK-2.4.5.13\tools\lib\CSR101x_A05\libgatt_lib_ram.a(gatt_client_disc_char.o)
                              depend_Debug_CSR101x_A05\gatt_access.o (GattDiscoverServiceChar)
C:\CSR_uEnergy_SDK-2.4.5.13\tools\lib\CSR101x_A05\libgatt_lib_ram.a(gatt_client_char_desc_disc.o)
                              depend_Debug_CSR101x_A05\gatt_access.o (GattDiscoverAllCharDescriptors)
C:\CSR_uEnergy_SDK-2.4.5.13\tools\lib\CSR101x_A05\libgatt_lib_ram.a(patch_gatt.o)
                              depend_Debug_CSR101x_A05\gatt_client.o (GattCancelConnectReq)
C:\CSR_uEnergy_SDK-2.4.5.13\tools\lib\CSR101x_A05\libgatt_lib_ram.a(sm_keys.o)
                              depend_Debug_CSR101x_A05\gatt_client.o (SMKeyRequestResponse)
C:\CSR_uEnergy_SDK-2.4.5.13\tools\lib\CSR101x_A05\libgatt_lib_ram.a(sm_ram.o)
                              C:\CSR_uEnergy_SDK-2.4.5.13\tools\lib\CSR101x_A05\libgatt_lib_ram.a(gatt_ram.o) (___libgatt_lib_db_476)
C:\CSR_uEnergy_SDK-2.4.5.13\tools\lib\CSR101x_A05\libgatt_lib_ram.a(patch_sm.o)
                              C:\CSR_uEnergy_SDK-2.4.5.13\tools\lib\CSR101x_A05\libgatt_lib_ram.a(sm_ram.o) (sm_pairing_auth_ind)
C:\CSR_uEnergy_SDK-2.4.5.13\tools\lib\CSR101x_A05\libgatt_lib_ram.a(debug.o)
                              depend_Debug_CSR101x_A05\gatt_client.o (DebugInit)
C:\CSR_uEnergy_SDK-2.4.5.13\tools\lib\CSR101x_A05\libgatt_lib_ram.a(patch_uart.o)
                              depend_Debug_CSR101x_A05\gatt_access.o (UartWrite)
C:\CSR_uEnergy_SDK-2.4.5.13\tools\lib\CSR101x_A05\libgatt_lib_ram.a(main_ram.o)
                              (main_ram_app_init)
C:\CSR_uEnergy_SDK-2.4.5.13\tools\lib\CSR101x_A05\libgatt_lib_ram.a(hw_patch_install.o)
                              C:\CSR_uEnergy_SDK-2.4.5.13\tools\lib\CSR101x_A05\libgatt_lib_ram.a(main_ram.o) (___libgatt_lib_db_4364)
C:\CSR_uEnergy_SDK-2.4.5.13\tools\lib\CSR101x_A05\libgatt_lib_ram.a(patch_baldrick.o)
                              (hw_patch)
C:\CSR_uEnergy_SDK-2.4.5.13\tools\lib\CSR101x_A05\libgatt_lib_ram.a(pio_ctrlr.o)
                              depend_Debug_CSR101x_A05\fast_pwm.o (PioCtrlrStart)
C:\CSR_uEnergy_SDK-2.4.5.13\tools\lib\CSR101x_A05\libgatt_lib_ram.a(patch_i2c_app_mem_mgr.o)
                              depend_Debug_CSR101x_A05\gatt_client.o (NvmConfigureI2cEeprom)
C:\CSR_uEnergy_SDK-2.4.5.13\tools\lib\CSR101x_A05\libgatt_lib_ram.a(robs_pio_ram.o)
                              depend_Debug_CSR101x_A05\iot_hw.o (PioSetMode)
C:\CSR_uEnergy_SDK-2.4.5.13\tools\lib\CSR101x_A05\libgatt_lib_ram.a(id_ram.o)
                              C:\CSR_uEnergy_SDK-2.4.5.13\tools\lib\CSR101x_A05\libgatt_lib_ram.a(main_ram.o) (ram_build_identifier_integer)
C:\CSR_uEnergy_SDK-2.4.5.13\tools\lib\CSR101x_A05\libgatt_lib_ram.a(slut.o)
                              (slut)
C:\CSR_uEnergy_SDK-2.4.5.13\tools\lib\CSR101x_A05\libgatt_lib_ram.a(sw_patch_ram.o)
                              (patch_bitmap)
C:\CSR_uEnergy_SDK-2.4.5.13\tools\lib\CSR101x_A05\libgatt_lib_ram.a(CONFIG_STORE.o)
                              (___libgatt_lib_db_4269)
C:\CSR_uEnergy_SDK-2.4.5.13\tools\lib\CSR101x_A05\libgatt_lib_ram.a(.romradiodata.o)
                              (DATA_TIMERSTRUCT_START)
C:\CSR_uEnergy_SDK-2.4.5.13\tools\lib\CSR101x_A05\libgatt_lib_ram.a(patch_ls_app_if.o)
                              C:\CSR_uEnergy_SDK-2.4.5.13\tools\lib\CSR101x_A05\libgatt_lib_ram.a(gatt_ram.o) (___libgatt_lib_db_4554)
C:\CSR_uEnergy_SDK-2.4.5.13\tools\lib\CSR101x_A05\libgatt_lib_ram.a(patch_ls_advertising_if.o)
                              C:\CSR_uEnergy_SDK-2.4.5.13\tools\lib\CSR101x_A05\libgatt_lib_ram.a(patch_gatt.o) (___libgatt_lib_db_4563)
C:\CSR_uEnergy_SDK-2.4.5.13\tools\lib\CSR101x_A05\libgatt_lib_ram.a(patch_ls_l2cap_if.o)
                              C:\CSR_uEnergy_SDK-2.4.5.13\tools\lib\CSR101x_A05\libgatt_lib_ram.a(sw_patch_ram.o) (___libgatt_lib_db_4568)
C:\CSR_uEnergy_SDK-2.4.5.13\tools\lib\CSR101x_A05\libgatt_lib_ram.a(patch_l2cap.o)
                              C:\CSR_uEnergy_SDK-2.4.5.13\tools\lib\CSR101x_A05\libgatt_lib_ram.a(sw_patch_ram.o) (___libgatt_lib_db_4570)
C:\CSR_uEnergy_SDK-2.4.5.13\tools\lib\CSR101x_A05\libgatt_lib_ram.a(patch_att_install.o)
                              C:\CSR_uEnergy_SDK-2.4.5.13\tools\lib\CSR101x_A05\libgatt_lib_ram.a(sw_patch_ram.o) (___libgatt_lib_db_4572)
C:\CSR_uEnergy_SDK-2.4.5.13\tools\lib\CSR101x_A05\libgatt_lib_ram.a(gatt_client_read_by_type.o)
                              C:\CSR_uEnergy_SDK-2.4.5.13\tools\lib\CSR101x_A05\libgatt_lib_ram.a(gatt_client_disc_char.o) (___libgatt_lib_db_335)
[...]
Memory Configuration

Name             Origin             Length             Attributes
*default*        0x00000000         0xffffffff

Linker script and memory map

LOAD depend_Debug_CSR101x_A05\nvm_access.o
LOAD depend_Debug_CSR101x_A05\battery_service_data.o
LOAD depend_Debug_CSR101x_A05\dev_info_service_data.o
LOAD depend_Debug_CSR101x_A05\debug_interface.o
LOAD depend_Debug_CSR101x_A05\gap_access.o
LOAD depend_Debug_CSR101x_A05\gatt_access.o
LOAD depend_Debug_CSR101x_A05\gatt_client.o
LOAD depend_Debug_CSR101x_A05\byte_queue.o
LOAD depend_Debug_CSR101x_A05\iot_hw.o
LOAD depend_Debug_CSR101x_A05\fast_pwm.o
LOAD depend_Debug_CSR101x_A05\pio_ctrlr_code.o
LOAD C:\CSR_uEnergy_SDK-2.4.5.13\apps\gatt_client_gw\libraries\libcsrmesh.a
LOAD C:\CSR_uEnergy_SDK-2.4.5.13\apps\gatt_client_gw\libraries\liblightmodel.a
LOAD C:\CSR_uEnergy_SDK-2.4.5.13\apps\gatt_client_gw\libraries\libpowermodel.a
LOAD C:\CSR_uEnergy_SDK-2.4.5.13\apps\gatt_client_gw\libraries\libfirmwaremodel.a
LOAD C:\CSR_uEnergy_SDK-2.4.5.13\apps\gatt_client_gw\libraries\libbearermodel.a
LOAD C:\CSR_uEnergy_SDK-2.4.5.13\apps\gatt_client_gw\libraries\libbatterymodel.a
LOAD C:\CSR_uEnergy_SDK-2.4.5.13\apps\gatt_client_gw\libraries\libpingmodel.a
LOAD C:\CSR_uEnergy_SDK-2.4.5.13\apps\gatt_client_gw\libraries\libattentionmodel.a
LOAD C:\CSR_uEnergy_SDK-2.4.5.13\apps\gatt_client_gw\libraries\libstreammodel.a
LOAD C:\CSR_uEnergy_SDK-2.4.5.13\apps\gatt_client_gw\libraries\libmeshAuto.a
LOAD C:\CSR_uEnergy_SDK-2.4.5.13\tools\lib\CSR101x_A05\libgatt_lib_ram.a
LOAD C:\CSR_uEnergy_SDK-2.4.5.13\tools\lib\otau\libotau.a
LOAD C:\CSR_uEnergy_SDK-2.4.5.13\tools\lib\CSR101x_A05\rom_img.elf
                0x00000000                PROG_RAM_START = 0x0
                0x00008000                PROG_RAM_SIZE = 0x8000
                0x00008000                PROG_ROM_START = 0x8000
                0x00008000                PROG_ROM_SIZE = 0x8000
                0x00002000                DATA_RAM_START = 0x2000
                0x00008000                DATA_RAM_SIZE = 0x8000
                0x000001b0                RADIOBUFS_SIZE = 0x1b0
                0x00000020                WHITELIST_SIZE = 0x20
                0x00000164                RADIODATA_SIZE = 0x164
                0x00000200                USTACK_SIZE = 0x200
                0x00000100                ISTACK_SIZE = 0x100
                0x00009f84                DATA_CSTORE_START = 0x9f84
                0x00000058                CSTORE_SIZE = 0x58
                0x00000004                SLT_SIZE = 0x4
                0x00000020                PRESERVE_SIZE = 0x20
                0x0000a000                DATA_RAM_END = 0xa000
                0x0000a000                DATA_ROM_START = 0xa000
                0x00004000                DATA_ROM_SIZE = 0x4000
                0x0000ef80                DATA_PERSIST_START = 0xef80
                0x00000080                DATA_PERSIST_SIZE = 0x80
                0x00009360                DATA_ROMDATA_START = 0x9360
                0x00000000                PROG_APPCODE_START = 0x0
                0x00006c00                PROG_APPCODE_END = 0x6c00
                0x00008c40                DATA_APPDATA_START = 0x8c40
                0x00008f00                DATA_APPDATA_END = 0x8f00
                0x80000000                $CODE$ = 0x80000000
                0x00000000                $DATA$ = 0x0
                0x0000ffe0                PROVIDE ($XAP_AH, 0xffe0)
                0x0000ffe1                PROVIDE ($XAP_AL, 0xffe1)
                0x0000ffe2                PROVIDE ($XAP_UXH, 0xffe2)
                0x0000ffe3                PROVIDE ($XAP_UXL, 0xffe3)
                0x0000ffe4                PROVIDE ($XAP_UY, 0xffe4)
                0x0000ffe5                PROVIDE ($XAP_IXH, 0xffe5)
                0x0000ffe6                PROVIDE ($XAP_IXL, 0xffe6)
                0x0000ffe7                PROVIDE ($XAP_IY, 0xffe7)
                0x00000008                . = 0x8

.app_ram_init   0x00000008        0x1
 *(RAM_APP_INIT)
 RAM_APP_INIT   0x00000008        0x1 C:\CSR_uEnergy_SDK-2.4.5.13\tools\lib\CSR101x_A05\libgatt_lib_ram.a(main_ram.o)
                0x00000008                main_ram_app_init

.fw_patch_bitmap
                0x00000009        0x6
 *(FW_PATCH_BITMAP)
 FW_PATCH_BITMAP
                0x00000009        0x6 C:\CSR_uEnergy_SDK-2.4.5.13\tools\lib\CSR101x_A05\libgatt_lib_ram.a(sw_patch_ram.o)
                0x00000009                patch_bitmap

.fw_patch_table
                0x0000000f        0x1
 *(FW_PATCH_TABLE)
 FW_PATCH_TABLE
                0x0000000f        0x1 C:\CSR_uEnergy_SDK-2.4.5.13\tools\lib\CSR101x_A05\libgatt_lib_ram.a(sw_patch_ram.o)
                0x0000000f                patch_table
                0x00000010                PROG_APPCODE_START = .

.text           0x00000010     0x3157 load address 0x80000010
 *xap2crt0.o(.text)
 *xap2crt0.o(.text.*)
                0x00000010                PROG_PATCH_ADDRESS = .
 *(.hw_patch)
 .hw_patch      0x00000010      0x158 C:\CSR_uEnergy_SDK-2.4.5.13\tools\lib\CSR101x_A05\libgatt_lib_ram.a(patch_baldrick.o)
                0x00000010                hw_patch
 *(.text)
 .text          0x00000168       0x6b depend_Debug_CSR101x_A05\pio_ctrlr_code.o
                0x00000168                pio_ctrlr_code
 .text          0x000001d3       0x31 C:\CSR_uEnergy_SDK-2.4.5.13\tools\lib\CSR101x_A05\libgatt_lib_ram.a(sm_keys.o)
                0x000001d3                SMKeyRequestResponse
                0x000001f1                ___libgatt_lib_db_440
 .text          0x00000204       0x3d C:\CSR_uEnergy_SDK-2.4.5.13\tools\lib\CSR101x_A05\libgatt_lib_ram.a(sm_ram.o)
                0x00000233                SMDistributeMasterLtk
                0x00000204                ___libgatt_lib_db_476
                0x00000215                SMFeaturesReq
 .text          0x00000241      0x1cf C:\CSR_uEnergy_SDK-2.4.5.13\tools\lib\CSR101x_A05\libgatt_lib_ram.a(patch_sm.o)
                0x00000276                ___libgatt_lib_db_4587
                0x000002d1                ___libgatt_lib_db_4585
                0x00000241                ___libgatt_lib_db_4584
                0x000002db                ___libgatt_lib_db_4589
                0x00000360                ___libgatt_lib_db_4586
                0x000002ea                ___libgatt_lib_db_4583
                0x000003af                ___libgatt_lib_db_4588
                0x0000030c                ___libgatt_lib_db_4598
 .text          0x00000410        0xf C:\CSR_uEnergy_SDK-2.4.5.13\tools\lib\CSR101x_A05\libgatt_lib_ram.a(patch_sm_l2cap.o)
                0x00000410                ___libgatt_lib_db_4600
 *(.text.*)
 .text.Nvm_Disable
                0x0000041f        0x9 depend_Debug_CSR101x_A05\nvm_access.o
                0x0000041f                Nvm_Disable
 .text.Nvm_Read
                0x00000428       0x12 depend_Debug_CSR101x_A05\nvm_access.o
                0x00000428                Nvm_Read
 .text.Nvm_Write
                0x0000043a       0x12 depend_Debug_CSR101x_A05\nvm_access.o
                0x0000043a                Nvm_Write
 .text.batteryDataInit
                0x0000044c       0x62 depend_Debug_CSR101x_A05\battery_service_data.o
 .text.batteryCheckATTPermission
                0x000004ae       0x41 depend_Debug_CSR101x_A05\battery_service_data.o
 .text.BatteryServiceUuid
                0x000004ef        0xb depend_Debug_CSR101x_A05\battery_service_data.o
                0x000004ef                BatteryServiceUuid
 .text.BatteryServiceDataInit
                0x000004fa       0x25 depend_Debug_CSR101x_A05\battery_service_data.o
                0x000004fa                BatteryServiceDataInit
 .text.BatteryServiceCheckHandle
                0x0000051f       0x23 depend_Debug_CSR101x_A05\battery_service_data.o
                0x0000051f                BatteryServiceCheckHandle
 .text.BatteryServiceGetHandles
                0x00000542       0xbb depend_Debug_CSR101x_A05\battery_service_data.o
                0x00000542                BatteryServiceGetHandles
 .text.BatteryServiceCharDiscovered
                0x000005fd       0xa0 depend_Debug_CSR101x_A05\battery_service_data.o
                0x000005fd                BatteryServiceCharDiscovered
 .text.BatteryServiceCharDescDisc
                0x0000069d       0x76 depend_Debug_CSR101x_A05\battery_service_data.o
                0x0000069d                BatteryServiceCharDescDisc
 .text.BatteryServiceDiscoveryComplete
                0x00000713       0x1d depend_Debug_CSR101x_A05\battery_service_data.o
                0x00000713                BatteryServiceDiscoveryComplete
 .text.BatteryServiceHandlerNotifInd
                0x00000730       0x48 depend_Debug_CSR101x_A05\battery_service_data.o
                0x00000730                BatteryServiceHandlerNotifInd
 .text.BatteryServiceConfigNotif
                0x00000778       0x6b depend_Debug_CSR101x_A05\battery_service_data.o
                0x00000778                BatteryServiceConfigNotif
 .text.BatteryServiceReadRequest
                0x000007e3       0x52 depend_Debug_CSR101x_A05\battery_service_data.o
                0x000007e3                BatteryServiceReadRequest
 .text.BatteryServiceReadConfirm
                0x00000835       0x33 depend_Debug_CSR101x_A05\battery_service_data.o
                0x00000835                BatteryServiceReadConfirm
 .text.BatteryServiceWriteConfirm
                0x00000868       0x33 depend_Debug_CSR101x_A05\battery_service_data.o
                0x00000868                BatteryServiceWriteConfirm
 .text.BatteryServiceConfigure
                0x0000089b       0x8e depend_Debug_CSR101x_A05\battery_service_data.o
                0x0000089b                BatteryServiceConfigure
 .text.BatteryServiceFound
                0x00000929       0x21 depend_Debug_CSR101x_A05\battery_service_data.o
                0x00000929                BatteryServiceFound
 .text.BatteryServiceResetData
                0x0000094a        0x6 depend_Debug_CSR101x_A05\battery_service_data.o
                0x0000094a                BatteryServiceResetData
 .text.deviceInfoDataInit
                0x00000950       0x55 depend_Debug_CSR101x_A05\dev_info_service_data.o
 .text.deviceInfoCheckATTPermission
                0x000009a5       0x49 depend_Debug_CSR101x_A05\dev_info_service_data.o
 .text.DeviceInfoServiceUuid
                0x000009ee        0xb depend_Debug_CSR101x_A05\dev_info_service_data.o
                0x000009ee                DeviceInfoServiceUuid
 .text.DeviceInfoServiceDataInit
                0x000009f9       0x27 depend_Debug_CSR101x_A05\dev_info_service_data.o
                0x000009f9                DeviceInfoServiceDataInit
 .text.DeviceInfoServiceCheckHandle
                0x00000a20       0x27 depend_Debug_CSR101x_A05\dev_info_service_data.o
                0x00000a20                DeviceInfoServiceCheckHandle
 .text.DeviceInfoServiceGetHandles
                0x00000a47       0xcf depend_Debug_CSR101x_A05\dev_info_service_data.o
                0x00000a47                DeviceInfoServiceGetHandles
 .text.DeviceInfoServiceCharDiscovered
                0x00000b16      0x15b depend_Debug_CSR101x_A05\dev_info_service_data.o
                0x00000b16                DeviceInfoServiceCharDiscovered
 .text.DeviceInfoServiceCharDescDisc
                0x00000c71       0x88 depend_Debug_CSR101x_A05\dev_info_service_data.o
                0x00000c71                DeviceInfoServiceCharDescDisc
 .text.DeviceInfoServiceDiscoveryComplete
                0x00000cf9       0x21 depend_Debug_CSR101x_A05\dev_info_service_data.o
                0x00000cf9                DeviceInfoServiceDiscoveryComplete
 .text.DeviceInfoServiceReadRequest
                0x00000d1a       0x5a depend_Debug_CSR101x_A05\dev_info_service_data.o
                0x00000d1a                DeviceInfoServiceReadRequest
 .text.DeviceInfoServiceReadConfirm
                0x00000d74       0x57 depend_Debug_CSR101x_A05\dev_info_service_data.o
                0x00000d74                DeviceInfoServiceReadConfirm
 .text.DeviceInfoServiceFound
                0x00000dcb       0x25 depend_Debug_CSR101x_A05\dev_info_service_data.o
                0x00000dcb                DeviceInfoServiceFound
 .text.DeviceInfoServiceResetData
                0x00000df0        0x6 depend_Debug_CSR101x_A05\dev_info_service_data.o
                0x00000df0                DeviceInfoServiceResetData
 .text.appGattCheckFilter
                0x00000df6        0x5 depend_Debug_CSR101x_A05\gatt_access.o
 .text.appGattCheckMandatoryFoundService
                0x00000dfb       0x32 depend_Debug_CSR101x_A05\gatt_access.o
 .text.appGattDiscServiceAllChar
                0x00000e2d       0x4c depend_Debug_CSR101x_A05\gatt_access.o
 .text.appGattDiscCharDescriptors
                0x00000e79       0x5b depend_Debug_CSR101x_A05\gatt_access.o
 .text.appGattNotifyServAndDiscNext
                0x00000ed4       0x40 depend_Debug_CSR101x_A05\gatt_access.o
 .text.appGattConfigureServices
                0x00000f14       0x35 depend_Debug_CSR101x_A05\gatt_access.o
 .text.crc_ccitt
                0x00000f49       0x2a depend_Debug_CSR101x_A05\gatt_access.o
                0x00000f49                crc_ccitt
 .text.appGattSignalLmAdvertisingReport
                0x00000f73      0x19b depend_Debug_CSR101x_A05\gatt_access.o
 .text.appGattSignalGattDiscPrimServByUuidInd
                0x0000110e       0x1c depend_Debug_CSR101x_A05\gatt_access.o
 .text.appGattSignalGattDiscPrimServByUuidCfm
                0x0000112a       0x35 depend_Debug_CSR101x_A05\gatt_access.o
 .text.appGattSignalGattCharDeclInforInd
                0x0000115f       0x19 depend_Debug_CSR101x_A05\gatt_access.o
 .text.appGattSignalGattDiscServiceCharCfm
                0x00001178       0x18 depend_Debug_CSR101x_A05\gatt_access.o
 .text.appGattSignalGattCharDescInfoInd
                0x00001190       0x17 depend_Debug_CSR101x_A05\gatt_access.o
 .text.appGattSignalGattDiscAllCharDescCfm
                0x000011a7       0x18 depend_Debug_CSR101x_A05\gatt_access.o
 .text.appGattSignalGattCharValInd
                0x000011bf       0x4a depend_Debug_CSR101x_A05\gatt_access.o
 .text.appGattSignalGattWriteCharValCfm
                0x00001209       0x6a depend_Debug_CSR101x_A05\gatt_access.o
 .text.appGattSignalGattReadCharValCfm
                0x00001273       0x64 depend_Debug_CSR101x_A05\gatt_access.o
 .text.InitGattData
                0x000012d7       0x13 depend_Debug_CSR101x_A05\gatt_access.o
                0x000012d7                InitGattData
 .text.GattStartScan
                0x000012ea       0x41 depend_Debug_CSR101x_A05\gatt_access.o
                0x000012ea                GattStartScan
 .text.GattDiscoverRemoteDatabase
                0x0000132b       0x41 depend_Debug_CSR101x_A05\gatt_access.o
                0x0000132b                GattDiscoverRemoteDatabase
 .text.GattResetAllServices
                0x0000136c       0x22 depend_Debug_CSR101x_A05\gatt_access.o
                0x0000136c                GattResetAllServices
 .text.GattServiceIncomplete
                0x0000138e        0x3 depend_Debug_CSR101x_A05\gatt_access.o
                0x0000138e                GattServiceIncomplete
 .text.GattPairingInitiated
                0x00001391        0x3 depend_Debug_CSR101x_A05\gatt_access.o
                0x00001391                GattPairingInitiated
 .text.GattInitServiceCompletion
                0x00001394       0x1d depend_Debug_CSR101x_A05\gatt_access.o
                0x00001394                GattInitServiceCompletion
 .text.GattInitiateProcedureAgain
                0x000013b1       0x1d depend_Debug_CSR101x_A05\gatt_access.o
                0x000013b1                GattInitiateProcedureAgain
 .text.GattReadRequest
                0x000013ce       0x1e depend_Debug_CSR101x_A05\gatt_access.o
                0x000013ce                GattReadRequest
 .text.GattFindServiceByUuid
                0x000013ec       0x46 depend_Debug_CSR101x_A05\gatt_access.o
                0x000013ec                GattFindServiceByUuid
 .text.GattDiscoveryEvent
                0x00001432       0x65 depend_Debug_CSR101x_A05\gatt_access.o
                0x00001432                GattDiscoveryEvent
 .text.appStartScan
                0x00001497        0xb depend_Debug_CSR101x_A05\gatt_client.o
 .text.appDataInit
                0x000014a2       0x10 depend_Debug_CSR101x_A05\gatt_client.o
 .text.find_sync_head
                0x000014b2       0x28 depend_Debug_CSR101x_A05\gatt_client.o
                0x000014b2                find_sync_head
 .text.send_ver_info
                0x000014da       0x27 depend_Debug_CSR101x_A05\gatt_client.o
                0x000014da                send_ver_info
 .text.parse_uart_data
                0x00001501       0x4e depend_Debug_CSR101x_A05\gatt_client.o
                0x00001501                parse_uart_data
 .text.UartDataRxCallback
                0x0000154f        0xf depend_Debug_CSR101x_A05\gatt_client.o
 .text.checkPersistentStore
                0x0000155e       0x44 depend_Debug_CSR101x_A05\gatt_client.o
 .text.readPersistentStore
                0x000015a2       0xce depend_Debug_CSR101x_A05\gatt_client.o
 .text.storeNvmData
                0x00001670       0x94 depend_Debug_CSR101x_A05\gatt_client.o
 .text.appInitExit
                0x00001704       0x28 depend_Debug_CSR101x_A05\gatt_client.o
 .text.appStartDiscoveryProcedure
                0x0000172c        0x7 depend_Debug_CSR101x_A05\gatt_client.o
 .text.appStartDiscoveryTimerExpiry
                0x00001733       0x21 depend_Debug_CSR101x_A05\gatt_client.o
 .text.requestConnParamUpdate
                0x00001754       0x20 depend_Debug_CSR101x_A05\gatt_client.o
 .text.findDeviceByHciHandle
                0x00001774       0x19 depend_Debug_CSR101x_A05\gatt_client.o
 .text.handleSignalLmEvConnectionComplete
                0x0000178d       0x78 depend_Debug_CSR101x_A05\gatt_client.o
 .text.handleSignalGattConnectCfm
                0x00001805       0x61 depend_Debug_CSR101x_A05\gatt_client.o
 .text.handleSignalSmKeyRequestInd
                0x00001866       0x37 depend_Debug_CSR101x_A05\gatt_client.o
 .text.handleSignalSmKeysInd
                0x0000189d       0x68 depend_Debug_CSR101x_A05\gatt_client.o
 .text.handleSignalSmSimplePairingCompleteInd
                0x00001905       0xd3 depend_Debug_CSR101x_A05\gatt_client.o
 .text.handleSignalLmDisconnectComplete
                0x000019d8       0x71 depend_Debug_CSR101x_A05\gatt_client.o
 .text.handleSignalGattCancelConnectCfm
                0x00001a49        0x7 depend_Debug_CSR101x_A05\gatt_client.o
 .text.handleSignalLsConnectionParamUpdateCfm
                0x00001a50        0x7 depend_Debug_CSR101x_A05\gatt_client.o
 .text.ReportPanic
                0x00001a57        0x7 depend_Debug_CSR101x_A05\gatt_client.o
                0x00001a57                ReportPanic
 .text.DeviceFound
                0x00001a5e       0x24 depend_Debug_CSR101x_A05\gatt_client.o
                0x00001a5e                DeviceFound
 .text.NotifyServiceFound
                0x00001a82       0x2c depend_Debug_CSR101x_A05\gatt_client.o
                0x00001a82                NotifyServiceFound
 .text.GetConnServices
                0x00001aae       0x22 depend_Debug_CSR101x_A05\gatt_client.o
                0x00001aae                GetConnServices
 .text.SetState
                0x00001ad0       0x60 depend_Debug_CSR101x_A05\gatt_client.o
                0x00001ad0                SetState
 .text.GetState
                0x00001b30        0xd depend_Debug_CSR101x_A05\gatt_client.o
                0x00001b30                GetState
 .text.GetConnDevice
                0x00001b3d        0x3 depend_Debug_CSR101x_A05\gatt_client.o
                0x00001b3d                GetConnDevice
 .text.DisconnectDevice
                0x00001b40        0x6 depend_Debug_CSR101x_A05\gatt_client.o
                0x00001b40                DisconnectDevice
 .text.DeviceConfigured
                0x00001b46        0x6 depend_Debug_CSR101x_A05\gatt_client.o
                0x00001b46                DeviceConfigured
 .text.NextReadWriteProcedure
                0x00001b4c       0x68 depend_Debug_CSR101x_A05\gatt_client.o
                0x00001b4c                NextReadWriteProcedure
 .text.AppPowerOnReset
                0x00001bb4        0x1 depend_Debug_CSR101x_A05\gatt_client.o
                0x00001bb4                AppPowerOnReset
 .text.AppInit  0x00001bb5       0x5a depend_Debug_CSR101x_A05\gatt_client.o
                0x00001bb5                AppInit
 .text.AppProcessSystemEvent
                0x00001c0f        0x4 depend_Debug_CSR101x_A05\gatt_client.o
                0x00001c0f                AppProcessSystemEvent
 .text.AppProcessLmEvent
                0x00001c13       0x68 depend_Debug_CSR101x_A05\gatt_client.o
                0x00001c13                AppProcessLmEvent
 .text.copyIntoBuffer
                0x00001c7b       0x98 depend_Debug_CSR101x_A05\byte_queue.o
 .text.peekBuffer
                0x00001d13       0x78 depend_Debug_CSR101x_A05\byte_queue.o
 .text.BQSafeQueueBytes
                0x00001d8b       0x2a depend_Debug_CSR101x_A05\byte_queue.o
                0x00001d8b                BQSafeQueueBytes
 .text.BQGetDataSize
                0x00001db5       0x1a depend_Debug_CSR101x_A05\byte_queue.o
                0x00001db5                BQGetDataSize
 .text.BQPopBytes
                0x00001dcf        0xb depend_Debug_CSR101x_A05\byte_queue.o
                0x00001dcf                BQPopBytes
 .text.BQPeekBytes
                0x00001dda        0x8 depend_Debug_CSR101x_A05\byte_queue.o
                0x00001dda                BQPeekBytes
 .text.BQCommitLastPeek
                0x00001de2        0x5 depend_Debug_CSR101x_A05\byte_queue.o
                0x00001de2                BQCommitLastPeek
 .text.IOTLightControlDeviceInit
                0x00001de7        0x6 depend_Debug_CSR101x_A05\iot_hw.o
                0x00001de7                IOTLightControlDeviceInit
 .text.IOTSwitchInit
                0x00001ded       0x2d depend_Debug_CSR101x_A05\iot_hw.o
                0x00001ded                IOTSwitchInit
 .text.PioFastPwmConfig
                0x00001e1a       0x19 depend_Debug_CSR101x_A05\fast_pwm.o
                0x00001e1a                PioFastPwmConfig
 .text.GattInit
                0x00001e33       0x1f C:\CSR_uEnergy_SDK-2.4.5.13\tools\lib\CSR101x_A05\libgatt_lib_ram.a(gatt_ram.o)
                0x00001e33                GattInit
 .text.GattDiscoverPrimaryServiceByUuid
                0x00001e52       0x35 C:\CSR_uEnergy_SDK-2.4.5.13\tools\lib\CSR101x_A05\libgatt_lib_ram.a(gatt_client_disc_prim_serv_uuid.o)
                0x00001e52                GattDiscoverPrimaryServiceByUuid
 .text.GattDiscoverPrimaryServiceByUuid_handler
                0x00001e87       0x7e C:\CSR_uEnergy_SDK-2.4.5.13\tools\lib\CSR101x_A05\libgatt_lib_ram.a(gatt_client_disc_prim_serv_uuid.o)
 .text.GattDiscoverServiceChar
                0x00001f05       0x39 C:\CSR_uEnergy_SDK-2.4.5.13\tools\lib\CSR101x_A05\libgatt_lib_ram.a(gatt_client_disc_char.o)
                0x00001f05                GattDiscoverServiceChar
 .text.GattDiscoverServiceChar_handler
                0x00001f3e       0xc5 C:\CSR_uEnergy_SDK-2.4.5.13\tools\lib\CSR101x_A05\libgatt_lib_ram.a(gatt_client_disc_char.o)
 .text.GattDiscoverAllCharDescriptors
                0x00002003       0x1e C:\CSR_uEnergy_SDK-2.4.5.13\tools\lib\CSR101x_A05\libgatt_lib_ram.a(gatt_client_char_desc_disc.o)
                0x00002003                GattDiscoverAllCharDescriptors
 .text.GattDiscoverAllCharDescriptors_handler
                0x00002021       0x9a C:\CSR_uEnergy_SDK-2.4.5.13\tools\lib\CSR101x_A05\libgatt_lib_ram.a(gatt_client_char_desc_disc.o)
 .text.DebugInit
                0x000020bb       0x20 C:\CSR_uEnergy_SDK-2.4.5.13\tools\lib\CSR101x_A05\libgatt_lib_ram.a(debug.o)
                0x000020bb                DebugInit
 .text.patched_uart_do_tx
                0x000020db       0x1d C:\CSR_uEnergy_SDK-2.4.5.13\tools\lib\CSR101x_A05\libgatt_lib_ram.a(patch_uart.o)
 .text.stop_sb_timer
                0x000020f8        0xd C:\CSR_uEnergy_SDK-2.4.5.13\tools\lib\CSR101x_A05\libgatt_lib_ram.a(patch_uart.o)
 .text.patched_uart_out_event
                0x00002105        0x9 C:\CSR_uEnergy_SDK-2.4.5.13\tools\lib\CSR101x_A05\libgatt_lib_ram.a(patch_uart.o)
 .text.sb_timeout
                0x0000210e       0x12 C:\CSR_uEnergy_SDK-2.4.5.13\tools\lib\CSR101x_A05\libgatt_lib_ram.a(patch_uart.o)
 .text.UartWrite
                0x00002120       0x4b C:\CSR_uEnergy_SDK-2.4.5.13\tools\lib\CSR101x_A05\libgatt_lib_ram.a(patch_uart.o)
                0x00002120                UartWrite
 .text.UartConfig
                0x0000216b       0x33 C:\CSR_uEnergy_SDK-2.4.5.13\tools\lib\CSR101x_A05\libgatt_lib_ram.a(patch_uart.o)
                0x0000216b                UartConfig
 .text.UartInit
                0x0000219e       0x18 C:\CSR_uEnergy_SDK-2.4.5.13\tools\lib\CSR101x_A05\libgatt_lib_ram.a(patch_uart.o)
                0x0000219e                UartInit
 .text.ram_app_init
                0x000021b6       0x31 C:\CSR_uEnergy_SDK-2.4.5.13\tools\lib\CSR101x_A05\libgatt_lib_ram.a(main_ram.o)
                0x000021b6                ram_app_init
 .text.___libgatt_lib_db_4364
                0x000021e7        0x8 C:\CSR_uEnergy_SDK-2.4.5.13\tools\lib\CSR101x_A05\libgatt_lib_ram.a(hw_patch_install.o)
                0x000021e7                ___libgatt_lib_db_4364
 .text.PioCtrlrClock
                0x000021ef        0xc C:\CSR_uEnergy_SDK-2.4.5.13\tools\lib\CSR101x_A05\libgatt_lib_ram.a(pio_ctrlr.o)
                0x000021ef                PioCtrlrClock
 .text.___libgatt_lib_db_4368
                0x000021fb       0x43 C:\CSR_uEnergy_SDK-2.4.5.13\tools\lib\CSR101x_A05\libgatt_lib_ram.a(pio_ctrlr.o)
                0x000021fb                ___libgatt_lib_db_4368
 .text.PioCtrlrInit
                0x0000223e       0x25 C:\CSR_uEnergy_SDK-2.4.5.13\tools\lib\CSR101x_A05\libgatt_lib_ram.a(pio_ctrlr.o)
                0x0000223e                PioCtrlrInit
 .text.NvmConfigureI2cEeprom
                0x00002263        0xd C:\CSR_uEnergy_SDK-2.4.5.13\tools\lib\CSR101x_A05\libgatt_lib_ram.a(patch_i2c_app_mem_mgr.o)
                0x00002263                NvmConfigureI2cEeprom
 .text.new_disable_i2c
                0x00002270        0xb C:\CSR_uEnergy_SDK-2.4.5.13\tools\lib\CSR101x_A05\libgatt_lib_ram.a(patch_i2c_app_mem_mgr.o)
 .text.PioSetMode
                0x0000227b        0xb C:\CSR_uEnergy_SDK-2.4.5.13\tools\lib\CSR101x_A05\libgatt_lib_ram.a(robs_pio_ram.o)
                0x0000227b                PioSetMode
 .text.IdGetLlVerBtle
                0x00002286        0x3 C:\CSR_uEnergy_SDK-2.4.5.13\tools\lib\CSR101x_A05\libgatt_lib_ram.a(id_ram.o)
                0x00002286                IdGetLlVerBtle
 .text.___libgatt_lib_db_4554
                0x00002289        0x7 C:\CSR_uEnergy_SDK-2.4.5.13\tools\lib\CSR101x_A05\libgatt_lib_ram.a(patch_ls_app_if.o)
                0x00002289                ___libgatt_lib_db_4554
 .text.patch_process_hci_event
                0x00002290       0x2f C:\CSR_uEnergy_SDK-2.4.5.13\tools\lib\CSR101x_A05\libgatt_lib_ram.a(patch_ls_app_if.o)
 .text.___libgatt_lib_db_4563
                0x000022bf        0xe C:\CSR_uEnergy_SDK-2.4.5.13\tools\lib\CSR101x_A05\libgatt_lib_ram.a(patch_ls_advertising_if.o)
                0x000022bf                ___libgatt_lib_db_4563
 .text.ls_advscan_set_payload_data
                0x000022cd       0x46 C:\CSR_uEnergy_SDK-2.4.5.13\tools\lib\CSR101x_A05\libgatt_lib_ram.a(patch_ls_advertising_if.o)
 .text.___libgatt_lib_db_4564
                0x00002313        0xb C:\CSR_uEnergy_SDK-2.4.5.13\tools\lib\CSR101x_A05\libgatt_lib_ram.a(patch_ls_advertising_if.o)
                0x00002313                ___libgatt_lib_db_4564
 .text.___libgatt_lib_db_4568
                0x0000231e       0x12 C:\CSR_uEnergy_SDK-2.4.5.13\tools\lib\CSR101x_A05\libgatt_lib_ram.a(patch_ls_l2cap_if.o)
                0x0000231e                ___libgatt_lib_db_4568
 .text.___libgatt_lib_db_4570
                0x00002330        0xc C:\CSR_uEnergy_SDK-2.4.5.13\tools\lib\CSR101x_A05\libgatt_lib_ram.a(patch_l2cap.o)
                0x00002330                ___libgatt_lib_db_4570
 .text.___libgatt_lib_db_4572
                0x0000233c        0xe C:\CSR_uEnergy_SDK-2.4.5.13\tools\lib\CSR101x_A05\libgatt_lib_ram.a(patch_att_install.o)
                0x0000233c                ___libgatt_lib_db_4572
 .text.patch_att_handle_execute_write_req
                0x0000234a       0xf9 C:\CSR_uEnergy_SDK-2.4.5.13\tools\lib\CSR101x_A05\libgatt_lib_ram.a(patch_att_install.o)
 .text.patch_att_handle_read_multi_req
                0x00002443       0xb5 C:\CSR_uEnergy_SDK-2.4.5.13\tools\lib\CSR101x_A05\libgatt_lib_ram.a(patch_att_install.o)
 .text.___libgatt_lib_db_335
                0x000024f8       0x38 C:\CSR_uEnergy_SDK-2.4.5.13\tools\lib\CSR101x_A05\libgatt_lib_ram.a(gatt_client_read_by_type.o)
                0x000024f8                ___libgatt_lib_db_335
 .text.ram_le_connection_timeout_A05
                0x00002530       0x34 C:\CSR_uEnergy_SDK-2.4.5.13\tools\lib\CSR101x_A05\libgatt_lib_ram.a(patch_george.o)
 .text.___libgatt_lib_db_4603
                0x00002564        0x8 C:\CSR_uEnergy_SDK-2.4.5.13\tools\lib\CSR101x_A05\libgatt_lib_ram.a(patch_george.o)
                0x00002564                ___libgatt_lib_db_4603
 .text.___libgatt_lib_db_4609
                0x0000256c       0x1b C:\CSR_uEnergy_SDK-2.4.5.13\tools\lib\CSR101x_A05\libgatt_lib_ram.a(patch_george.o)
                0x0000256c                ___libgatt_lib_db_4609
 .text.___libgatt_lib_db_4608
                0x00002587       0xde C:\CSR_uEnergy_SDK-2.4.5.13\tools\lib\CSR101x_A05\libgatt_lib_ram.a(patch_george.o)
                0x00002587                ___libgatt_lib_db_4608
 .text.rx_timing_report
                0x00002665       0xb1 C:\CSR_uEnergy_SDK-2.4.5.13\tools\lib\CSR101x_A05\libgatt_lib_ram.a(patch_george.o)
 .text.ram_le_handle_event
                0x00002716       0xeb C:\CSR_uEnergy_SDK-2.4.5.13\tools\lib\CSR101x_A05\libgatt_lib_ram.a(patch_george.o)
 .text.___libgatt_lib_db_4550
                0x00002801       0x1c C:\CSR_uEnergy_SDK-2.4.5.13\tools\lib\CSR101x_A05\libgatt_lib_ram.a(patch_george.o)
                0x00002801                ___libgatt_lib_db_4550
 .text.___libgatt_lib_db_4549
                0x0000281d       0x2d C:\CSR_uEnergy_SDK-2.4.5.13\tools\lib\CSR101x_A05\libgatt_lib_ram.a(patch_george.o)
                0x0000281d                ___libgatt_lib_db_4549
 .text.___libgatt_lib_db_4604
                0x0000284a      0x17f C:\CSR_uEnergy_SDK-2.4.5.13\tools\lib\CSR101x_A05\libgatt_lib_ram.a(patch_george.o)
                0x0000284a                ___libgatt_lib_db_4604
 .text.___libgatt_lib_db_4544
                0x000029c9       0x26 C:\CSR_uEnergy_SDK-2.4.5.13\tools\lib\CSR101x_A05\libgatt_lib_ram.a(patch_george.o)
                0x000029c9                ___libgatt_lib_db_4544
 .text.___libgatt_lib_db_4610
                0x000029ef       0xb4 C:\CSR_uEnergy_SDK-2.4.5.13\tools\lib\CSR101x_A05\libgatt_lib_ram.a(patch_george.o)
                0x000029ef                ___libgatt_lib_db_4610
 .text.___libgatt_lib_db_4620
                0x00002aa3        0xc C:\CSR_uEnergy_SDK-2.4.5.13\tools\lib\CSR101x_A05\libgatt_lib_ram.a(patch_george_ll.o)
                0x00002aa3                ___libgatt_lib_db_4620
 .text.___libgatt_lib_db_4619
                0x00002aaf       0x11 C:\CSR_uEnergy_SDK-2.4.5.13\tools\lib\CSR101x_A05\libgatt_lib_ram.a(patch_george_ll.o)
                0x00002aaf                ___libgatt_lib_db_4619
 .text.___libgatt_lib_db_4621
                0x00002ac0      0x124 C:\CSR_uEnergy_SDK-2.4.5.13\tools\lib\CSR101x_A05\libgatt_lib_ram.a(patch_george_ll.o)
                0x00002ac0                ___libgatt_lib_db_4621
 .text.___libgatt_lib_db_4626
                0x00002be4       0x5a C:\CSR_uEnergy_SDK-2.4.5.13\tools\lib\CSR101x_A05\libgatt_lib_ram.a(patch_george_adv.o)
                0x00002be4                ___libgatt_lib_db_4626
 .text.___libgatt_lib_db_4627
                0x00002c3e       0x1b C:\CSR_uEnergy_SDK-2.4.5.13\tools\lib\CSR101x_A05\libgatt_lib_ram.a(patch_george_adv.o)
                0x00002c3e                ___libgatt_lib_db_4627
 .text.___libgatt_lib_db_4636
                0x00002c59       0x27 C:\CSR_uEnergy_SDK-2.4.5.13\tools\lib\CSR101x_A05\libgatt_lib_ram.a(patch_dbase.o)
                0x00002c59                ___libgatt_lib_db_4636
 .text.___libgatt_lib_db_4630
                0x00002c80       0x16 C:\CSR_uEnergy_SDK-2.4.5.13\tools\lib\CSR101x_A05\libgatt_lib_ram.a(patch_dbase.o)
                0x00002c80                ___libgatt_lib_db_4630
 .text.dbase_safe_access_check_curr
                0x00002c96        0x3 C:\CSR_uEnergy_SDK-2.4.5.13\tools\lib\CSR101x_A05\libgatt_lib_ram.a(patch_dbase.o)
 .text.___libgatt_lib_db_4635
                0x00002c99       0x11 C:\CSR_uEnergy_SDK-2.4.5.13\tools\lib\CSR101x_A05\libgatt_lib_ram.a(patch_dbase.o)
                0x00002c99                ___libgatt_lib_db_4635
 .text.___libgatt_lib_db_4633
                0x00002caa       0x11 C:\CSR_uEnergy_SDK-2.4.5.13\tools\lib\CSR101x_A05\libgatt_lib_ram.a(patch_dbase.o)
                0x00002caa                ___libgatt_lib_db_4633
 .text.___libgatt_lib_db_4632
                0x00002cbb        0xf C:\CSR_uEnergy_SDK-2.4.5.13\tools\lib\CSR101x_A05\libgatt_lib_ram.a(patch_dbase.o)
                0x00002cbb                ___libgatt_lib_db_4632
 .text.___libgatt_lib_db_4631
                0x00002cca        0x7 C:\CSR_uEnergy_SDK-2.4.5.13\tools\lib\CSR101x_A05\libgatt_lib_ram.a(patch_dbase.o)
                0x00002cca                ___libgatt_lib_db_4631
 .text.___libgatt_lib_db_4645
                0x00002cd1        0xc C:\CSR_uEnergy_SDK-2.4.5.13\tools\lib\CSR101x_A05\libgatt_lib_ram.a(hal_debugbus_state.o)
                0x00002cd1                ___libgatt_lib_db_4645
 .text.___libgatt_lib_db_4644
                0x00002cdd        0xc C:\CSR_uEnergy_SDK-2.4.5.13\tools\lib\CSR101x_A05\libgatt_lib_ram.a(hal_debugbus_state.o)
                0x00002cdd                ___libgatt_lib_db_4644
 .text.___libgatt_lib_db_4206
                0x00002ce9       0x1d C:\CSR_uEnergy_SDK-2.4.5.13\tools\lib\CSR101x_A05\libgatt_lib_ram.a(patch_halradiotrim.o)
                0x00002ce9                ___libgatt_lib_db_4206
 .text.___libgatt_lib_db_4208
                0x00002d06       0x11 C:\CSR_uEnergy_SDK-2.4.5.13\tools\lib\CSR101x_A05\libgatt_lib_ram.a(patch_halradiotrim.o)
                0x00002d06                ___libgatt_lib_db_4208
 .text.___libgatt_lib_db_4209
                0x00002d17       0x4d C:\CSR_uEnergy_SDK-2.4.5.13\tools\lib\CSR101x_A05\libgatt_lib_ram.a(patch_halradiotrim.o)
                0x00002d17                ___libgatt_lib_db_4209
 .text.RAM_set_tx_power_parameters
                0x00002d64       0x57 C:\CSR_uEnergy_SDK-2.4.5.13\tools\lib\CSR101x_A05\libgatt_lib_ram.a(patch_halradiotrim.o)
 .text.___libgatt_lib_db_4651
                0x00002dbb        0xf C:\CSR_uEnergy_SDK-2.4.5.13\tools\lib\CSR101x_A05\libgatt_lib_ram.a(patch_halradiotrim.o)
                0x00002dbb                ___libgatt_lib_db_4651
 .text.___libgatt_lib_db_4649
                0x00002dca        0xa C:\CSR_uEnergy_SDK-2.4.5.13\tools\lib\CSR101x_A05\libgatt_lib_ram.a(patch_halradiotrim.o)
                0x00002dca                ___libgatt_lib_db_4649
 .text.___libgatt_lib_db_4205
                0x00002dd4        0x9 C:\CSR_uEnergy_SDK-2.4.5.13\tools\lib\CSR101x_A05\libgatt_lib_ram.a(patch_halradiotrim.o)
                0x00002dd4                ___libgatt_lib_db_4205
 .text.___libgatt_lib_db_4657
                0x00002ddd       0x55 C:\CSR_uEnergy_SDK-2.4.5.13\tools\lib\CSR101x_A05\libgatt_lib_ram.a(patch_halradio.o)
                0x00002ddd                ___libgatt_lib_db_4657
 .text.___libgatt_lib_db_4659
                0x00002e32       0x24 C:\CSR_uEnergy_SDK-2.4.5.13\tools\lib\CSR101x_A05\libgatt_lib_ram.a(patch_timer.o)
                0x00002e32                ___libgatt_lib_db_4659
 .text.___libgatt_lib_db_4662
                0x00002e56        0xd C:\CSR_uEnergy_SDK-2.4.5.13\tools\lib\CSR101x_A05\libgatt_lib_ram.a(patch_sleep.o)
                0x00002e56                ___libgatt_lib_db_4662
 .text.___libgatt_lib_db_4207
                0x00002e63        0xd C:\CSR_uEnergy_SDK-2.4.5.13\tools\lib\CSR101x_A05\libgatt_lib_ram.a(patch_reset.o)
                0x00002e63                ___libgatt_lib_db_4207
 .text.___libgatt_lib_db_4664
                0x00002e70       0x3a C:\CSR_uEnergy_SDK-2.4.5.13\tools\lib\CSR101x_A05\libgatt_lib_ram.a(patch_pools.o)
                0x00002e70                ___libgatt_lib_db_4664
 .text.___libgatt_lib_db_4667
                0x00002eaa        0xf C:\CSR_uEnergy_SDK-2.4.5.13\tools\lib\CSR101x_A05\libgatt_lib_ram.a(patch_background_loop.o)
                0x00002eaa                ___libgatt_lib_db_4667
 .text.___libgatt_lib_db_4669
                0x00002eb9        0x5 C:\CSR_uEnergy_SDK-2.4.5.13\tools\lib\CSR101x_A05\libgatt_lib_ram.a(patch_fault.o)
                0x00002eb9                ___libgatt_lib_db_4669
 .text.___libgatt_lib_db_4680
                0x00002ebe       0x3b C:\CSR_uEnergy_SDK-2.4.5.13\tools\lib\CSR101x_A05\libgatt_lib_ram.a(patch_pmu.o)
                0x00002ebe                ___libgatt_lib_db_4680
 .text.___libgatt_lib_db_4679
                0x00002ef9       0x19 C:\CSR_uEnergy_SDK-2.4.5.13\tools\lib\CSR101x_A05\libgatt_lib_ram.a(patch_pmu.o)
                0x00002ef9                ___libgatt_lib_db_4679
 .text.___libgatt_lib_db_4677
                0x00002f12       0x1e C:\CSR_uEnergy_SDK-2.4.5.13\tools\lib\CSR101x_A05\libgatt_lib_ram.a(patch_pmu.o)
                0x00002f12                ___libgatt_lib_db_4677
 .text.___libgatt_lib_db_4678
                0x00002f30       0x2e C:\CSR_uEnergy_SDK-2.4.5.13\tools\lib\CSR101x_A05\libgatt_lib_ram.a(patch_pmu.o)
                0x00002f30                ___libgatt_lib_db_4678
 .text.___libgatt_lib_db_4214
                0x00002f5e      0x15c C:\CSR_uEnergy_SDK-2.4.5.13\tools\lib\CSR101x_A05\libgatt_lib_ram.a(patch_thermometer.o)
                0x00002f5e                ___libgatt_lib_db_4214
 .text.___libgatt_lib_db_4691
                0x000030ba       0x86 C:\CSR_uEnergy_SDK-2.4.5.13\tools\lib\CSR101x_A05\libgatt_lib_ram.a(patch_updates.o)
                0x000030ba                ___libgatt_lib_db_4691
 .text.___libgatt_lib_db_4693
                0x00003140       0x27 C:\CSR_uEnergy_SDK-2.4.5.13\tools\lib\CSR101x_A05\libgatt_lib_ram.a(patch_adc.o)
                0x00003140                ___libgatt_lib_db_4693
 *(.apptext)
 *(.apptext.*)
 *xap2crte.o(.text)
 *xap2crte.o(.text.*)
                0x00003167                PROG_APPCODE_END = .
                0x00005167                DATA_CONST_START = (DATA_RAM_START + .)
                0x00005167                . = DATA_CONST_START

.const
 *(CONST)
 *(CONST.*)
                0x00005167                DATA_CONST_END = .
                0x00005167                DATA_RODATA_START = .
                0x00005168                . = (. + 0x1)

.rodata         0x00005168       0x8e
 *(.rodata)
 *(.rodata.*)
 .rodata.DeviceInfoServiceCharDiscovered
                0x00005168       0x2e depend_Debug_CSR101x_A05\dev_info_service_data.o
 .rodata.DeviceInfoServiceReadConfirm
                0x00005196        0x9 depend_Debug_CSR101x_A05\dev_info_service_data.o
 .rodata.C.29..3117.
                0x0000519f        0x4 depend_Debug_CSR101x_A05\gatt_client.o
 .rodata.SetState
                0x000051a3        0x7 depend_Debug_CSR101x_A05\gatt_client.o
 .rodata.C.1..4223.
                0x000051aa        0x2 C:\CSR_uEnergy_SDK-2.4.5.13\tools\lib\CSR101x_A05\libgatt_lib_ram.a(gatt_client_disc_char.o)
 .rodata.C.8..4277.
                0x000051ac        0x2 C:\CSR_uEnergy_SDK-2.4.5.13\tools\lib\CSR101x_A05\libgatt_lib_ram.a(gatt_client_disc_char.o)
 .rodata.ram_build_identifier_integer
                0x000051ae        0x1 C:\CSR_uEnergy_SDK-2.4.5.13\tools\lib\CSR101x_A05\libgatt_lib_ram.a(id_ram.o)
                0x000051ae                ram_build_identifier_integer
 .rodata.ram_build_identifier_string
                0x000051af       0x16 C:\CSR_uEnergy_SDK-2.4.5.13\tools\lib\CSR101x_A05\libgatt_lib_ram.a(id_ram.o)
                0x000051af                ram_build_identifier_string
 .rodata.slut_extended
                0x000051c5        0x9 C:\CSR_uEnergy_SDK-2.4.5.13\tools\lib\CSR101x_A05\libgatt_lib_ram.a(slut.o)
                0x000051c5                ___libgatt_lib_db_4695
 .rodata.tx_power_table
                0x000051ce       0x28 C:\CSR_uEnergy_SDK-2.4.5.13\tools\lib\CSR101x_A05\libgatt_lib_ram.a(patch_halradiotrim.o)
                0x000051ce                ___libgatt_lib_db_4656
                0x000051f6                DATA_RODATA_END = .

.bss            0x000051f6      0x28e
                0x000051f6                DATA_BSS_APP_START = .
 *(.bss)
 .bss           0x000051f6        0x3 C:\CSR_uEnergy_SDK-2.4.5.13\tools\lib\CSR101x_A05\libgatt_lib_ram.a(patch_sm.o)
                0x000051f6                sm_security_started
 .bss           0x000051f9        0x1 C:\CSR_uEnergy_SDK-2.4.5.13\tools\lib\CSR101x_A05\libgatt_lib_ram.a(patch_sm_l2cap.o)
 *(.bss.*)
 .bss.g_bs_serv_data
                0x000051fa        0xd depend_Debug_CSR101x_A05\battery_service_data.o
 .bss.g_dis_data
                0x00005207       0x55 depend_Debug_CSR101x_A05\dev_info_service_data.o
 .bss.g_app_gatt_data
                0x0000525c       0x12 depend_Debug_CSR101x_A05\gatt_access.o
 .bss.char_type.3469.
                0x0000526e        0x1 depend_Debug_CSR101x_A05\gatt_client.o
 .bss.pService.3468.
                0x0000526f        0x1 depend_Debug_CSR101x_A05\gatt_client.o
 .bss.app_timers
                0x00005270       0x18 depend_Debug_CSR101x_A05\gatt_client.o
 .bss.g_app_data
                0x00005288       0x3e depend_Debug_CSR101x_A05\gatt_client.o
 .bss.buf_frame
                0x000052c6       0x20 depend_Debug_CSR101x_A05\gatt_client.o
 .bss.g_head    0x000052e6        0x1 depend_Debug_CSR101x_A05\byte_queue.o
 .bss.g_peek    0x000052e7        0x1 depend_Debug_CSR101x_A05\byte_queue.o
 .bss.g_tail    0x000052e8        0x1 depend_Debug_CSR101x_A05\byte_queue.o
 .bss.g_queue   0x000052e9      0x100 depend_Debug_CSR101x_A05\byte_queue.o
 *fill*         0x000053e9        0x2 00
 .bss.uart_rx_buffer
                0x000053ea       0x40 C:\CSR_uEnergy_SDK-2.4.5.13\tools\lib\CSR101x_A05\libgatt_lib_ram.a(debug.o)
 .bss.uart_tx_buffer
                0x0000542a       0x40 C:\CSR_uEnergy_SDK-2.4.5.13\tools\lib\CSR101x_A05\libgatt_lib_ram.a(debug.o)
 .bss.__PATCH__ZERO_
                0x0000546a        0x1 C:\CSR_uEnergy_SDK-2.4.5.13\tools\lib\CSR101x_A05\libgatt_lib_ram.a(patch_uart.o)
 .bss.uart_sb_timer_id
                0x0000546b        0x1 C:\CSR_uEnergy_SDK-2.4.5.13\tools\lib\CSR101x_A05\libgatt_lib_ram.a(patch_uart.o)
 .bss.uart_sb_timeout
                0x0000546c        0x2 C:\CSR_uEnergy_SDK-2.4.5.13\tools\lib\CSR101x_A05\libgatt_lib_ram.a(patch_uart.o)
 .bss.last_32khz_irq_hi.6057.
                0x0000546e        0x1 C:\CSR_uEnergy_SDK-2.4.5.13\tools\lib\CSR101x_A05\libgatt_lib_ram.a(pio_ctrlr.o)
 .bss.last_32khz_irq_lo.6056.
                0x0000546f        0x2 C:\CSR_uEnergy_SDK-2.4.5.13\tools\lib\CSR101x_A05\libgatt_lib_ram.a(pio_ctrlr.o)
 .bss.__PATCH__ZERO_
                0x00005471        0x1 C:\CSR_uEnergy_SDK-2.4.5.13\tools\lib\CSR101x_A05\libgatt_lib_ram.a(patch_ls_advertising_if.o)
 .bss.patch_pending
                0x00005472        0x1 C:\CSR_uEnergy_SDK-2.4.5.13\tools\lib\CSR101x_A05\libgatt_lib_ram.a(patch_george.o)
                0x00005472                patch_pending
 .bss.patch_rx_timing_report
                0x00005473        0x1 C:\CSR_uEnergy_SDK-2.4.5.13\tools\lib\CSR101x_A05\libgatt_lib_ram.a(patch_george.o)
                0x00005473                patch_rx_timing_report
 .bss.patch_pending_mode
                0x00005474        0x1 C:\CSR_uEnergy_SDK-2.4.5.13\tools\lib\CSR101x_A05\libgatt_lib_ram.a(patch_george.o)
                0x00005474                patch_pending_mode
 .bss.__PATCH__ZERO_
                0x00005475        0x1 C:\CSR_uEnergy_SDK-2.4.5.13\tools\lib\CSR101x_A05\libgatt_lib_ram.a(patch_george.o)
 .bss.__PATCH__ZERO_
                0x00005476        0x1 C:\CSR_uEnergy_SDK-2.4.5.13\tools\lib\CSR101x_A05\libgatt_lib_ram.a(patch_halradiotrim.o)
 .bss.tx_power_table_entry
                0x00005477        0x1 C:\CSR_uEnergy_SDK-2.4.5.13\tools\lib\CSR101x_A05\libgatt_lib_ram.a(patch_halradiotrim.o)
 .bss.__PATCH__ZERO_
                0x00005478        0x1 C:\CSR_uEnergy_SDK-2.4.5.13\tools\lib\CSR101x_A05\libgatt_lib_ram.a(patch_timer.o)
 .bss.__PATCH__ZERO_
                0x00005479        0x1 C:\CSR_uEnergy_SDK-2.4.5.13\tools\lib\CSR101x_A05\libgatt_lib_ram.a(patch_pmu.o)
 .bss.enable_lo_offset_adc_update
                0x0000547a        0x1 C:\CSR_uEnergy_SDK-2.4.5.13\tools\lib\CSR101x_A05\libgatt_lib_ram.a(patch_thermometer.o)
                0x0000547a                enable_lo_offset_adc_update
 .bss.__PATCH__ZERO_
                0x0000547b        0x1 C:\CSR_uEnergy_SDK-2.4.5.13\tools\lib\CSR101x_A05\libgatt_lib_ram.a(patch_thermometer.o)
 .bss.__PATCH__ZERO_
                0x0000547c        0x1 C:\CSR_uEnergy_SDK-2.4.5.13\tools\lib\CSR101x_A05\libgatt_lib_ram.a(patch_updates.o)
 COMMON         0x0000547d        0x1 depend_Debug_CSR101x_A05\gatt_client.o
                0x0000547d                skip_nbyte_find_head
 COMMON         0x0000547e        0x2 C:\CSR_uEnergy_SDK-2.4.5.13\tools\lib\CSR101x_A05\libgatt_lib_ram.a(patch_sm.o)
                0x0000547e                sm_long_term_key_ind
                0x0000547f                sm_pairing_auth_ind
 COMMON         0x00005480        0x1 C:\CSR_uEnergy_SDK-2.4.5.13\tools\lib\CSR101x_A05\libgatt_lib_ram.a(patch_george.o)
                0x00005480                enable_lowduty_directed_adv
 COMMON         0x00005481        0x3 C:\CSR_uEnergy_SDK-2.4.5.13\tools\lib\CSR101x_A05\libgatt_lib_ram.a(patch_george_ll.o)
                0x00005481                george_earliest_transmit_offset
                0x00005484                DATA_BSS_APP_END = .
                0x0000028e                BSS_APP_SIZE = (DATA_BSS_APP_END - DATA_BSS_APP_START)

.data           0x00005484      0x181
                0x00005484                DATA_DATA_START = .
 *(.data)
 *(.data.*)
 .data.BatteryServiceFuncStore
                0x00005484       0x11 depend_Debug_CSR101x_A05\battery_service_data.o
                0x00005484                BatteryServiceFuncStore
 .data.DeviceInfoServiceFuncStore
                0x00005495       0x11 depend_Debug_CSR101x_A05\dev_info_service_data.o
                0x00005495                DeviceInfoServiceFuncStore
 .data.ccitt_table
                0x000054a6      0x100 depend_Debug_CSR101x_A05\gatt_access.o
 .data.g_supported_services
                0x000055a6        0x2 depend_Debug_CSR101x_A05\gatt_client.o
 .data.ack      0x000055a8       0x12 depend_Debug_CSR101x_A05\gatt_client.o
                0x000055a8                ack
 .data.patch_table_data
                0x000055ba       0x46 C:\CSR_uEnergy_SDK-2.4.5.13\tools\lib\CSR101x_A05\libgatt_lib_ram.a(sw_patch_ram.o)
                0x000055ba                ___libgatt_lib_db_4542
 .data.ad_flags
                0x00005600        0x1 C:\CSR_uEnergy_SDK-2.4.5.13\tools\lib\CSR101x_A05\libgatt_lib_ram.a(patch_ls_advertising_if.o)
 .data.pending_pdu_acks
                0x00005601        0x1 C:\CSR_uEnergy_SDK-2.4.5.13\tools\lib\CSR101x_A05\libgatt_lib_ram.a(patch_george_ll.o)
                0x00005601                ___libgatt_lib_db_4622
 .data.tgap_con_param_update
                0x00005602        0x1 C:\CSR_uEnergy_SDK-2.4.5.13\tools\lib\CSR101x_A05\libgatt_lib_ram.a(patch_timer.o)
                0x00005602                ___libgatt_lib_db_4661
 .data.lo_offset_adc_update_temp
                0x00005603        0x1 C:\CSR_uEnergy_SDK-2.4.5.13\tools\lib\CSR101x_A05\libgatt_lib_ram.a(patch_thermometer.o)
 .data.xtal_trim_temp
                0x00005604        0x1 C:\CSR_uEnergy_SDK-2.4.5.13\tools\lib\CSR101x_A05\libgatt_lib_ram.a(patch_thermometer.o)
                0x00005605                DATA_DATA_END = .
                0x0000ef80                . = DATA_PERSIST_START

PERSIST_MEM
 *(PERSIST_MEM)
 *(PERSIST_MEM.*)
                0x0000ef80                DATA_PERSIST_MEM_END = .
                0x00009f84                . = DATA_CSTORE_START

CONFIG_STORE    0x00009f84       0x4b
 *(CONFIG_STORE)
 CONFIG_STORE   0x00009f84       0x4b C:\CSR_uEnergy_SDK-2.4.5.13\tools\lib\CSR101x_A05\libgatt_lib_ram.a(CONFIG_STORE.o)
                0x00009f84                ___libgatt_lib_db_4269
 *(CONFIG_STORE.*)
                0x00009fcf                DATA_CSTORE_END = .
                0x0000004b                CS_SIZE = (DATA_CSTORE_END - DATA_CSTORE_START)
                0x00009fdc                . = ((DATA_RAM_END - PRESERVE_SIZE) - SLT_SIZE)

SLT             0x00009fdc        0x4
                0x00009fdc                SLT_START = .
 *(SLT)
 SLT            0x00009fdc        0x4 C:\CSR_uEnergy_SDK-2.4.5.13\tools\lib\CSR101x_A05\libgatt_lib_ram.a(slut.o)
                0x00009fdc                slut
 *(SLT.*)

.preserved      0x00009fe0        0x0
                0x00009fe0                PRESERVED_START = .
 *(PRES_DATA)
 *(PRES_DATA.*)
                0x00009f84                STACK_END = DATA_CSTORE_START
                0x00009c84                . = ((STACK_END - ISTACK_SIZE) - USTACK_SIZE)

.stack          0x00009c84      0x300
                0x00009c84                STACK_START = .
                0x00009c84                USTACK_START = .
                0x00009e84                USTACK_END = (USTACK_START + USTACK_SIZE)
 *(USTACK)
 *(USTACK.*)
                0x00009e84                . = USTACK_END
 *fill*         0x00009c84      0x400 00
                0x00009e84                ISTACK_START = .
                0x00009f84                ISTACK_END = (ISTACK_START + ISTACK_SIZE)
 *(ISTACK)
 *(ISTACK.*)
                0x00009f84                . = ISTACK_END
 *fill*         0x00009e84      0x200 00
                0x00009c84                ALIGNED_DATA_END = STACK_START
                0x00009950                . = (((ALIGNED_DATA_END - RADIODATA_SIZE) - WHITELIST_SIZE) - RADIOBUFS_SIZE)

.aligned_data   0x00009950      0x334
                0x00009950                ALIGNED_DATA_START = .
                0x00009950                DATA_RADIOBUFS_START = .
 *(RADINITTBL)
                0x00009b00                . = (ALIGNED_DATA_START + RADIOBUFS_SIZE)
 *fill*         0x00009950      0x360 00
                0x00009b00                DATA_WHITELIST_START = .
                0x00009b20                . = (DATA_WHITELIST_START + WHITELIST_SIZE)
 *fill*         0x00009b00       0x40 00
 *(.romradiodata)
 .romradiodata  0x00009b20      0x164 C:\CSR_uEnergy_SDK-2.4.5.13\tools\lib\CSR101x_A05\libgatt_lib_ram.a(.romradiodata.o)
                0x00009b20                DATA_TIMERSTRUCT_START
                0x00009b80                ___libgatt_lib_db_4171
                0x00009b20                ___libgatt_lib_db_4173
                0x00009b80                DATA_RCLUTS_START
                0x00009c84                ALIGN_END_ACTUAL = .
                0x00000001                ASSERT ((DATA_APPDATA_END > DATA_DATA_END), RAM DATA exceeds limit.)
LOAD c:/csr_uenergy_sdk-2.4.5.13/tools/bin/../lib/gcc/xap-local-xap/4.3.4\libgcc.a
OUTPUT(depend_Debug_CSR101x_A05\gatt_client.elf elf32-xap2)

.debug_abbrev   0x00000000      0x69d
 .debug_abbrev  0x00000000       0x5b depend_Debug_CSR101x_A05\nvm_access.o
 .debug_abbrev  0x000000b5       0xfa depend_Debug_CSR101x_A05\battery_service_data.o
 .debug_abbrev  0x000002a9       0xfa depend_Debug_CSR101x_A05\dev_info_service_data.o
 .debug_abbrev  0x0000049d       0x14 depend_Debug_CSR101x_A05\debug_interface.o
 .debug_abbrev  0x000004c5       0x54 depend_Debug_CSR101x_A05\gap_access.o
 .debug_abbrev  0x0000056c      0x138 depend_Debug_CSR101x_A05\gatt_access.o
 .debug_abbrev  0x000007db      0x148 depend_Debug_CSR101x_A05\gatt_client.o
 .debug_abbrev  0x00000a6a       0xba depend_Debug_CSR101x_A05\byte_queue.o
 .debug_abbrev  0x00000bde       0x52 depend_Debug_CSR101x_A05\iot_hw.o
 .debug_abbrev  0x00000c81       0x5d depend_Debug_CSR101x_A05\fast_pwm.o

.debug_info     0x00000000     0x560b
 .debug_info    0x00000000      0x219 depend_Debug_CSR101x_A05\nvm_access.o
 .debug_info    0x00000431      0xb5c depend_Debug_CSR101x_A05\battery_service_data.o
 .debug_info    0x00001ae9      0xa61 depend_Debug_CSR101x_A05\dev_info_service_data.o
 .debug_info    0x00002fab       0x2d depend_Debug_CSR101x_A05\debug_interface.o
 .debug_info    0x00003005      0x196 depend_Debug_CSR101x_A05\gap_access.o
 .debug_info    0x00003331     0x1c82 depend_Debug_CSR101x_A05\gatt_access.o
 .debug_info    0x00006c34     0x1bf6 depend_Debug_CSR101x_A05\gatt_client.o
 .debug_info    0x0000a41f      0x188 depend_Debug_CSR101x_A05\byte_queue.o
 .debug_info    0x0000a72f      0x142 depend_Debug_CSR101x_A05\iot_hw.o
 .debug_info    0x0000a9b2      0x132 depend_Debug_CSR101x_A05\fast_pwm.o

.debug_line     0x00000000     0x1977
 .debug_line    0x00000000       0xa0 depend_Debug_CSR101x_A05\nvm_access.o
 .debug_line    0x00000140      0x37e depend_Debug_CSR101x_A05\battery_service_data.o
 .debug_line    0x0000083c      0x2c9 depend_Debug_CSR101x_A05\dev_info_service_data.o
 .debug_line    0x00000dce        0xf depend_Debug_CSR101x_A05\debug_interface.o
 .debug_line    0x00000deb       0x71 depend_Debug_CSR101x_A05\gap_access.o
 .debug_line    0x00000ecd      0x6c5 depend_Debug_CSR101x_A05\gatt_access.o
 .debug_line    0x00001c56      0x7e7 depend_Debug_CSR101x_A05\gatt_client.o
 .debug_line    0x00002c23      0x182 depend_Debug_CSR101x_A05\byte_queue.o
 .debug_line    0x00002f26       0xea depend_Debug_CSR101x_A05\iot_hw.o
 .debug_line    0x000030fa       0xfa depend_Debug_CSR101x_A05\fast_pwm.o

.debug_frame    0x00000000      0x5f8
 .debug_frame   0x00000000       0x2c depend_Debug_CSR101x_A05\nvm_access.o
 .debug_frame   0x00000058       0xd4 depend_Debug_CSR101x_A05\battery_service_data.o
 .debug_frame   0x00000200       0xa4 depend_Debug_CSR101x_A05\dev_info_service_data.o
 .debug_frame   0x00000348       0x14 depend_Debug_CSR101x_A05\gap_access.o
 .debug_frame   0x00000370      0x158 depend_Debug_CSR101x_A05\gatt_access.o
 .debug_frame   0x00000620      0x1e0 depend_Debug_CSR101x_A05\gatt_client.o
 .debug_frame   0x000009e0       0x80 depend_Debug_CSR101x_A05\byte_queue.o
 .debug_frame   0x00000ae0       0x50 depend_Debug_CSR101x_A05\iot_hw.o
 .debug_frame   0x00000b80       0x38 depend_Debug_CSR101x_A05\fast_pwm.o

.debug_loc      0x00000000      0x707
 .debug_loc     0x00000000       0x2f depend_Debug_CSR101x_A05\nvm_access.o
 .debug_loc     0x0000005d      0x108 depend_Debug_CSR101x_A05\battery_service_data.o
 .debug_loc     0x0000026c       0xca depend_Debug_CSR101x_A05\dev_info_service_data.o
 .debug_loc     0x000003ff       0x10 depend_Debug_CSR101x_A05\gap_access.o
 .debug_loc     0x0000041e      0x194 depend_Debug_CSR101x_A05\gatt_access.o
 .debug_loc     0x00000745      0x24d depend_Debug_CSR101x_A05\gatt_client.o
 .debug_loc     0x00000bdf       0x7c depend_Debug_CSR101x_A05\byte_queue.o
 .debug_loc     0x00000cd7       0x5d depend_Debug_CSR101x_A05\iot_hw.o
 .debug_loc     0x00000d91       0x3e depend_Debug_CSR101x_A05\fast_pwm.o

.debug_pubnames
                0x00000000      0x491
 .debug_pubnames
                0x00000000       0x1f depend_Debug_CSR101x_A05\nvm_access.o
 .debug_pubnames
                0x0000003d       0xf5 depend_Debug_CSR101x_A05\battery_service_data.o
 .debug_pubnames
                0x00000227       0xca depend_Debug_CSR101x_A05\dev_info_service_data.o
 .debug_pubnames
                0x000003ba       0x17 depend_Debug_CSR101x_A05\gap_access.o
 .debug_pubnames
                0x000003e8       0xb4 depend_Debug_CSR101x_A05\gatt_access.o
 .debug_pubnames
                0x0000054f       0xf0 depend_Debug_CSR101x_A05\gatt_client.o
 .debug_pubnames
                0x0000072e       0x62 depend_Debug_CSR101x_A05\byte_queue.o
 .debug_pubnames
                0x000007f2       0x62 depend_Debug_CSR101x_A05\iot_hw.o
 .debug_pubnames
                0x000008b6       0x36 depend_Debug_CSR101x_A05\fast_pwm.o

.debug_aranges  0x00000000      0x25c
 .debug_aranges
                0x00000000       0x18 depend_Debug_CSR101x_A05\nvm_access.o
 .debug_aranges
                0x00000030       0x50 depend_Debug_CSR101x_A05\battery_service_data.o
 .debug_aranges
                0x000000d0       0x40 depend_Debug_CSR101x_A05\dev_info_service_data.o
 .debug_aranges
                0x00000150       0x10 depend_Debug_CSR101x_A05\gap_access.o
 .debug_aranges
                0x00000170       0x80 depend_Debug_CSR101x_A05\gatt_access.o
 .debug_aranges
                0x00000270       0xac depend_Debug_CSR101x_A05\gatt_client.o
 .debug_aranges
                0x000003c8       0x38 depend_Debug_CSR101x_A05\byte_queue.o
 .debug_aranges
                0x00000438       0x24 depend_Debug_CSR101x_A05\iot_hw.o
 .debug_aranges
                0x00000480       0x1c depend_Debug_CSR101x_A05\fast_pwm.o

.debug_ranges   0x00000000      0x238
 .debug_ranges  0x00000000       0x14 depend_Debug_CSR101x_A05\nvm_access.o
 .debug_ranges  0x00000028       0x4c depend_Debug_CSR101x_A05\battery_service_data.o
 .debug_ranges  0x000000c0       0x3c depend_Debug_CSR101x_A05\dev_info_service_data.o
 .debug_ranges  0x00000138        0xc depend_Debug_CSR101x_A05\gap_access.o
 .debug_ranges  0x00000150       0x7c depend_Debug_CSR101x_A05\gatt_access.o
 .debug_ranges  0x00000248       0xa8 depend_Debug_CSR101x_A05\gatt_client.o
 .debug_ranges  0x00000398       0x34 depend_Debug_CSR101x_A05\byte_queue.o
 .debug_ranges  0x00000400       0x20 depend_Debug_CSR101x_A05\iot_hw.o
 .debug_ranges  0x00000440       0x18 depend_Debug_CSR101x_A05\fast_pwm.o

.debug_str      0x00000000     0x306b
 .debug_str     0x00000000      0x659 depend_Debug_CSR101x_A05\nvm_access.o
                                0x670 (size before relaxing)
 .debug_str     0x00000cb1     0x10d1 depend_Debug_CSR101x_A05\battery_service_data.o
                               0x170f (size before relaxing)
 .debug_str     0x00002e53      0x144 depend_Debug_CSR101x_A05\dev_info_service_data.o
                               0x15ce (size before relaxing)
 .debug_str     0x000030db        0x9 depend_Debug_CSR101x_A05\debug_interface.o
                                 0x67 (size before relaxing)
 .debug_str     0x000030ed      0x303 depend_Debug_CSR101x_A05\gap_access.o
                                0x482 (size before relaxing)
 .debug_str     0x000036f2      0xe5e depend_Debug_CSR101x_A05\gatt_access.o
                               0x268c (size before relaxing)
 .debug_str     0x000053ad      0x3e5 depend_Debug_CSR101x_A05\gatt_client.o
                               0x23bc (size before relaxing)
 .debug_str     0x00005b76       0x71 depend_Debug_CSR101x_A05\byte_queue.o
                                 0xe0 (size before relaxing)
 .debug_str     0x00005c57      0x1dc depend_Debug_CSR101x_A05\iot_hw.o
                                0x242 (size before relaxing)
 .debug_str     0x0000600e       0x64 depend_Debug_CSR101x_A05\fast_pwm.o
                                0x222 (size before relaxing)

.comment        0x00000000      0x548
 .comment       0x00000000       0x1a depend_Debug_CSR101x_A05\nvm_access.o
 .comment       0x0000001a       0x1a depend_Debug_CSR101x_A05\battery_service_data.o
 .comment       0x00000034       0x1a depend_Debug_CSR101x_A05\dev_info_service_data.o
 .comment       0x0000004e       0x1a depend_Debug_CSR101x_A05\debug_interface.o
 .comment       0x00000068       0x1a depend_Debug_CSR101x_A05\gap_access.o
 .comment       0x00000082       0x1a depend_Debug_CSR101x_A05\gatt_access.o
 .comment       0x0000009c       0x1a depend_Debug_CSR101x_A05\gatt_client.o
 .comment       0x000000b6       0x1a depend_Debug_CSR101x_A05\byte_queue.o
 .comment       0x000000d0       0x1a depend_Debug_CSR101x_A05\iot_hw.o
 .comment       0x000000ea       0x1a depend_Debug_CSR101x_A05\fast_pwm.o
 .comment       0x00000104       0x1a C:\CSR_uEnergy_SDK-2.4.5.13\tools\lib\CSR101x_A05\libgatt_lib_ram.a(gatt_ram.o)
 .comment       0x0000011e       0x1a C:\CSR_uEnergy_SDK-2.4.5.13\tools\lib\CSR101x_A05\libgatt_lib_ram.a(gatt_client_disc_prim_serv_uuid.o)
 .comment       0x00000138       0x1a C:\CSR_uEnergy_SDK-2.4.5.13\tools\lib\CSR101x_A05\libgatt_lib_ram.a(gatt_client_disc_char.o)
 .comment       0x00000152       0x1a C:\CSR_uEnergy_SDK-2.4.5.13\tools\lib\CSR101x_A05\libgatt_lib_ram.a(gatt_client_char_desc_disc.o)
 .comment       0x0000016c       0x1a C:\CSR_uEnergy_SDK-2.4.5.13\tools\lib\CSR101x_A05\libgatt_lib_ram.a(patch_gatt.o)
 .comment       0x00000186       0x1a C:\CSR_uEnergy_SDK-2.4.5.13\tools\lib\CSR101x_A05\libgatt_lib_ram.a(sm_keys.o)
 .comment       0x000001a0       0x1a C:\CSR_uEnergy_SDK-2.4.5.13\tools\lib\CSR101x_A05\libgatt_lib_ram.a(sm_ram.o)
 .comment       0x000001ba       0x1a C:\CSR_uEnergy_SDK-2.4.5.13\tools\lib\CSR101x_A05\libgatt_lib_ram.a(patch_sm.o)
 .comment       0x000001d4       0x1a C:\CSR_uEnergy_SDK-2.4.5.13\tools\lib\CSR101x_A05\libgatt_lib_ram.a(debug.o)
 .comment       0x000001ee       0x1a C:\CSR_uEnergy_SDK-2.4.5.13\tools\lib\CSR101x_A05\libgatt_lib_ram.a(patch_uart.o)
 .comment       0x00000208       0x1a C:\CSR_uEnergy_SDK-2.4.5.13\tools\lib\CSR101x_A05\libgatt_lib_ram.a(main_ram.o)
 .comment       0x00000222       0x1a C:\CSR_uEnergy_SDK-2.4.5.13\tools\lib\CSR101x_A05\libgatt_lib_ram.a(hw_patch_install.o)
 .comment       0x0000023c       0x1a C:\CSR_uEnergy_SDK-2.4.5.13\tools\lib\CSR101x_A05\libgatt_lib_ram.a(pio_ctrlr.o)
 .comment       0x00000256       0x1a C:\CSR_uEnergy_SDK-2.4.5.13\tools\lib\CSR101x_A05\libgatt_lib_ram.a(patch_i2c_app_mem_mgr.o)
 .comment       0x00000270       0x1a C:\CSR_uEnergy_SDK-2.4.5.13\tools\lib\CSR101x_A05\libgatt_lib_ram.a(robs_pio_ram.o)
 .comment       0x0000028a       0x1a C:\CSR_uEnergy_SDK-2.4.5.13\tools\lib\CSR101x_A05\libgatt_lib_ram.a(id_ram.o)
 .comment       0x000002a4       0x1a C:\CSR_uEnergy_SDK-2.4.5.13\tools\lib\CSR101x_A05\libgatt_lib_ram.a(slut.o)
 .comment       0x000002be       0x1a C:\CSR_uEnergy_SDK-2.4.5.13\tools\lib\CSR101x_A05\libgatt_lib_ram.a(sw_patch_ram.o)
 .comment       0x000002d8       0x1a C:\CSR_uEnergy_SDK-2.4.5.13\tools\lib\CSR101x_A05\libgatt_lib_ram.a(patch_ls_app_if.o)
 .comment       0x000002f2       0x1a C:\CSR_uEnergy_SDK-2.4.5.13\tools\lib\CSR101x_A05\libgatt_lib_ram.a(patch_ls_advertising_if.o)
 .comment       0x0000030c       0x1a C:\CSR_uEnergy_SDK-2.4.5.13\tools\lib\CSR101x_A05\libgatt_lib_ram.a(patch_ls_l2cap_if.o)
 .comment       0x00000326       0x1a C:\CSR_uEnergy_SDK-2.4.5.13\tools\lib\CSR101x_A05\libgatt_lib_ram.a(patch_l2cap.o)
 .comment       0x00000340       0x1a C:\CSR_uEnergy_SDK-2.4.5.13\tools\lib\CSR101x_A05\libgatt_lib_ram.a(patch_att_install.o)
 .comment       0x0000035a       0x1a C:\CSR_uEnergy_SDK-2.4.5.13\tools\lib\CSR101x_A05\libgatt_lib_ram.a(gatt_client_read_by_type.o)
 .comment       0x00000374       0x1a C:\CSR_uEnergy_SDK-2.4.5.13\tools\lib\CSR101x_A05\libgatt_lib_ram.a(patch_sm_l2cap.o)
 .comment       0x0000038e       0x1a C:\CSR_uEnergy_SDK-2.4.5.13\tools\lib\CSR101x_A05\libgatt_lib_ram.a(patch_george.o)
 .comment       0x000003a8       0x1a C:\CSR_uEnergy_SDK-2.4.5.13\tools\lib\CSR101x_A05\libgatt_lib_ram.a(patch_george_ll.o)
 .comment       0x000003c2       0x1a C:\CSR_uEnergy_SDK-2.4.5.13\tools\lib\CSR101x_A05\libgatt_lib_ram.a(patch_george_adv.o)
 .comment       0x000003dc       0x1a C:\CSR_uEnergy_SDK-2.4.5.13\tools\lib\CSR101x_A05\libgatt_lib_ram.a(patch_dbase.o)
 .comment       0x000003f6       0x1a C:\CSR_uEnergy_SDK-2.4.5.13\tools\lib\CSR101x_A05\libgatt_lib_ram.a(hal_debugbus_state.o)
 .comment       0x00000410       0x1a C:\CSR_uEnergy_SDK-2.4.5.13\tools\lib\CSR101x_A05\libgatt_lib_ram.a(patch_halradiotrim.o)
 .comment       0x0000042a       0x1a C:\CSR_uEnergy_SDK-2.4.5.13\tools\lib\CSR101x_A05\libgatt_lib_ram.a(patch_halradio.o)
 .comment       0x00000444       0x1a C:\CSR_uEnergy_SDK-2.4.5.13\tools\lib\CSR101x_A05\libgatt_lib_ram.a(patch_timer.o)
 .comment       0x0000045e       0x1a C:\CSR_uEnergy_SDK-2.4.5.13\tools\lib\CSR101x_A05\libgatt_lib_ram.a(patch_sleep.o)
 .comment       0x00000478       0x1a C:\CSR_uEnergy_SDK-2.4.5.13\tools\lib\CSR101x_A05\libgatt_lib_ram.a(patch_reset.o)
 .comment       0x00000492       0x1a C:\CSR_uEnergy_SDK-2.4.5.13\tools\lib\CSR101x_A05\libgatt_lib_ram.a(patch_pools.o)
 .comment       0x000004ac       0x1a C:\CSR_uEnergy_SDK-2.4.5.13\tools\lib\CSR101x_A05\libgatt_lib_ram.a(patch_background_loop.o)
 .comment       0x000004c6       0x1a C:\CSR_uEnergy_SDK-2.4.5.13\tools\lib\CSR101x_A05\libgatt_lib_ram.a(patch_fault.o)
 .comment       0x000004e0       0x1a C:\CSR_uEnergy_SDK-2.4.5.13\tools\lib\CSR101x_A05\libgatt_lib_ram.a(patch_pmu.o)
 .comment       0x000004fa       0x1a C:\CSR_uEnergy_SDK-2.4.5.13\tools\lib\CSR101x_A05\libgatt_lib_ram.a(patch_thermometer.o)
 .comment       0x00000514       0x1a C:\CSR_uEnergy_SDK-2.4.5.13\tools\lib\CSR101x_A05\libgatt_lib_ram.a(patch_updates.o)
 .comment       0x0000052e       0x1a C:\CSR_uEnergy_SDK-2.4.5.13\tools\lib\CSR101x_A05\libgatt_lib_ram.a(patch_adc.o)
